// Jest Snapshot v1, https://goo.gl/fbAQLP

exports[`<App /> renders matching snapshot 1`] = `
<div
  className="wrapper"
>
  <ErrorBoundary>
    <Connect(MainWindow) />
  </ErrorBoundary>
  <div
    className="push"
  />
</div>
`;
