// Jest Snapshot v1, https://goo.gl/fbAQLP

exports[`Logo renders matching snapshot 1`] = `ShallowWrapper {}`;
