// Jest Snapshot v1, https://goo.gl/fbAQLP

exports[`<SearchResults /> renders matching snapshot 1`] = `ShallowWrapper {}`;
