// Jest Snapshot v1, https://goo.gl/fbAQLP

exports[`<MainWindow /> renders matching snapshot 1`] = `
<div
  className="mainWindow"
>
  <Connect(SearchBlock) />
</div>
`;
